                                      1 ;--------------------------------------------------------
                                      2 ; File Created by SDCC : free open source ISO C Compiler
                                      3 ; Version 4.5.1 #15267 (MINGW64)
                                      4 ;--------------------------------------------------------
                                      5 	.module bubbles_ts
                                      6 	
                                      7 ;--------------------------------------------------------
                                      8 ; Public variables in this module
                                      9 ;--------------------------------------------------------
                                     10 	.globl _bubbles_ts
                                     11 	.globl _bubbles_tsCGB
                                     12 ;--------------------------------------------------------
                                     13 ; special function registers
                                     14 ;--------------------------------------------------------
                                     15 ;--------------------------------------------------------
                                     16 ; ram data
                                     17 ;--------------------------------------------------------
                                     18 	.area _DATA
                                     19 ;--------------------------------------------------------
                                     20 ; ram data
                                     21 ;--------------------------------------------------------
                                     22 	.area _INITIALIZED
                                     23 ;--------------------------------------------------------
                                     24 ; absolute external ram data
                                     25 ;--------------------------------------------------------
                                     26 	.area _DABS (ABS)
                                     27 ;--------------------------------------------------------
                                     28 ; global & static initialisations
                                     29 ;--------------------------------------------------------
                                     30 	.area _HOME
                                     31 	.area _GSINIT
                                     32 	.area _GSFINAL
                                     33 	.area _GSINIT
                                     34 ;--------------------------------------------------------
                                     35 ; Home
                                     36 ;--------------------------------------------------------
                                     37 	.area _HOME
                                     38 	.area _HOME
                                     39 ;--------------------------------------------------------
                                     40 ; code
                                     41 ;--------------------------------------------------------
                                     42 	.area _CODE
                                     43 	.area _CODE
    00000000                         44 _bubbles_tsCGB:
    00000000 01                      45 	.db #0x01	; 1
    00000001 00                      46 	.db #0x00	; 0
    00000002 00                      47 	.db #0x00	; 0
    00000003                         48 _bubbles_ts:
    00000003 BF                      49 	.db #0xbf	; 191
    00000004 40                      50 	.db #0x40	; 64
    00000005 5F                      51 	.db #0x5f	; 95
    00000006 E0                      52 	.db #0xe0	; 224
    00000007 B3                      53 	.db #0xb3	; 179
    00000008 4C                      54 	.db #0x4c	; 76	'L'
    00000009 ED                      55 	.db #0xed	; 237
    0000000A 1E                      56 	.db #0x1e	; 30
    0000000B ED                      57 	.db #0xed	; 237
    0000000C 1E                      58 	.db #0x1e	; 30
    0000000D B3                      59 	.db #0xb3	; 179
    0000000E 4C                      60 	.db #0x4c	; 76	'L'
    0000000F 5F                      61 	.db #0x5f	; 95
    00000010 E0                      62 	.db #0xe0	; 224
    00000011 BF                      63 	.db #0xbf	; 191
    00000012 40                      64 	.db #0x40	; 64
    00000013 9F                      65 	.db #0x9f	; 159
    00000014 60                      66 	.db #0x60	; 96
    00000015 6F                      67 	.db #0x6f	; 111	'o'
    00000016 F0                      68 	.db #0xf0	; 240
    00000017 6B                      69 	.db #0x6b	; 107	'k'
    00000018 F4                      70 	.db #0xf4	; 244
    00000019 95                      71 	.db #0x95	; 149
    0000001A 6E                      72 	.db #0x6e	; 110	'n'
    0000001B 9B                      73 	.db #0x9b	; 155
    0000001C 64                      74 	.db #0x64	; 100	'd'
    0000001D 6F                      75 	.db #0x6f	; 111	'o'
    0000001E F0                      76 	.db #0xf0	; 240
    0000001F 6F                      77 	.db #0x6f	; 111	'o'
    00000020 F0                      78 	.db #0xf0	; 240
    00000021 9F                      79 	.db #0x9f	; 159
    00000022 60                      80 	.db #0x60	; 96
    00000023 00                      81 	.db #0x00	; 0
    00000024 00                      82 	.db #0x00	; 0
    00000025 00                      83 	.db #0x00	; 0
    00000026 00                      84 	.db #0x00	; 0
    00000027 00                      85 	.db #0x00	; 0
    00000028 00                      86 	.db #0x00	; 0
    00000029 00                      87 	.db #0x00	; 0
    0000002A 00                      88 	.db #0x00	; 0
    0000002B 00                      89 	.db #0x00	; 0
    0000002C 00                      90 	.db #0x00	; 0
    0000002D 00                      91 	.db #0x00	; 0
    0000002E 00                      92 	.db #0x00	; 0
    0000002F 00                      93 	.db #0x00	; 0
    00000030 00                      94 	.db #0x00	; 0
    00000031 00                      95 	.db #0x00	; 0
    00000032 00                      96 	.db #0x00	; 0
                                     97 	.area _INITIALIZER
                                     98 	.area _CABS (ABS)
